04:42:11 azbyka-reserv 0.2.0: данные в /tmp/azr-final3
04:42:11 стартовые адреса: 10 (новых 9)
04:42:11 правила вариантов изменились — дополняем очередь для уже известных адресов…
04:42:11 добавлено вариантов: 0
04:42:26 готово 18 | в очереди 9252 | ошибок 0 | нужен вход 0 | за сеанс 10.9 МБ | 1.1 стр/с | 742.7 КБ/с
04:42:41 готово 37 | в очереди 9440 | ошибок 0 | нужен вход 0 | за сеанс 16.0 МБ | 1.3 стр/с | 349.2 КБ/с
04:42:56 готово 59 | в очереди 9447 | ошибок 0 | нужен вход 0 | за сеанс 21.9 МБ | 1.5 стр/с | 403.8 КБ/с
04:43:11 готово 77 | в очереди 9441 | ошибок 0 | нужен вход 0 | за сеанс 24.9 МБ | 1.2 стр/с | 200.7 КБ/с
04:43:26 готово 95 | в очереди 9428 | ошибок 0 | нужен вход 0 | за сеанс 33.2 МБ | 1.2 стр/с | 569.6 КБ/с
04:43:41 готово 115 | в очереди 9413 | ошибок 0 | нужен вход 0 | за сеанс 35.4 МБ | 1.3 стр/с | 152.0 КБ/с
04:43:56 готово 137 | в очереди 9422 | ошибок 0 | нужен вход 0 | за сеанс 35.8 МБ | 1.5 стр/с | 23.2 КБ/с
04:44:11 готово 158 | в очереди 9402 | ошибок 0 | нужен вход 0 | за сеанс 35.9 МБ | 1.4 стр/с | 7.8 КБ/с
04:44:26 готово 181 | в очереди 9390 | ошибок 0 | нужен вход 0 | за сеанс 61.5 МБ | 1.5 стр/с | 1.7 МБ/с
04:44:41 готово 202 | в очереди 9396 | ошибок 0 | нужен вход 0 | за сеанс 61.8 МБ | 1.4 стр/с | 20.9 КБ/с
04:44:56 готово 221 | в очереди 9383 | ошибок 0 | нужен вход 0 | за сеанс 61.9 МБ | 1.3 стр/с | 9.3 КБ/с
04:45:11 готово 244 | в очереди 9368 | ошибок 0 | нужен вход 0 | за сеанс 64.4 МБ | 1.5 стр/с | 167.3 КБ/с
04:45:26 готово 265 | в очереди 9372 | ошибок 0 | нужен вход 0 | за сеанс 64.6 МБ | 1.4 стр/с | 18.0 КБ/с
04:45:41 готово 287 | в очереди 9359 | ошибок 0 | нужен вход 0 | за сеанс 64.7 МБ | 1.5 стр/с | 9.1 КБ/с
04:45:56 готово 308 | в очереди 9384 | ошибок 0 | нужен вход 0 | за сеанс 65.0 МБ | 1.4 стр/с | 17.7 КБ/с
04:46:11 готово 329 | в очереди 9369 | ошибок 0 | нужен вход 0 | за сеанс 65.1 МБ | 1.4 стр/с | 8.9 КБ/с
04:46:26 готово 351 | в очереди 9368 | ошибок 0 | нужен вход 0 | за сеанс 65.3 МБ | 1.5 стр/с | 10.7 КБ/с
04:46:41 готово 372 | в очереди 9367 | ошибок 0 | нужен вход 0 | за сеанс 65.6 МБ | 1.4 стр/с | 18.3 КБ/с
04:46:56 готово 394 | в очереди 9365 | ошибок 0 | нужен вход 0 | за сеанс 66.0 МБ | 1.5 стр/с | 26.8 КБ/с
04:47:11 готово 415 | в очереди 9371 | ошибок 0 | нужен вход 0 | за сеанс 66.3 МБ | 1.4 стр/с | 23.0 КБ/с
04:47:26 готово 436 | в очереди 9359 | ошибок 0 | нужен вход 0 | за сеанс 66.4 МБ | 1.4 стр/с | 8.0 КБ/с
04:47:41 готово 457 | в очереди 9338 | ошибок 0 | нужен вход 0 | за сеанс 66.6 МБ | 1.4 стр/с | 12.7 КБ/с
04:47:56 готово 478 | в очереди 9316 | ошибок 0 | нужен вход 0 | за сеанс 67.5 МБ | 1.4 стр/с | 60.6 КБ/с
04:48:11 готово 496 | в очереди 9295 | ошибок 0 | нужен вход 0 | за сеанс 67.8 МБ | 1.2 стр/с | 21.7 КБ/с
04:48:26 готово 517 | в очереди 9274 | ошибок 0 | нужен вход 0 | за сеанс 69.4 МБ | 1.4 стр/с | 109.5 КБ/с
04:48:41 готово 539 | в очереди 9252 | ошибок 0 | нужен вход 0 | за сеанс 69.7 МБ | 1.5 стр/с | 22.7 КБ/с
04:48:56 готово 560 | в очереди 9231 | ошибок 0 | нужен вход 0 | за сеанс 70.6 МБ | 1.4 стр/с | 57.0 КБ/с
04:49:11 готово 582 | в очереди 9209 | ошибок 0 | нужен вход 0 | за сеанс 70.8 МБ | 1.5 стр/с | 15.4 КБ/с
04:49:26 готово 603 | в очереди 9188 | ошибок 0 | нужен вход 0 | за сеанс 71.8 МБ | 1.4 стр/с | 67.1 КБ/с
04:49:41 готово 624 | в очереди 9166 | ошибок 0 | нужен вход 0 | за сеанс 72.4 МБ | 1.4 стр/с | 42.0 КБ/с
04:49:56 готово 644 | в очереди 9146 | ошибок 0 | нужен вход 0 | за сеанс 73.5 МБ | 1.3 стр/с | 76.7 КБ/с
04:50:11 готово 664 | в очереди 9125 (отложено 1) | ошибок 0 | нужен вход 0 | за сеанс 74.2 МБ | 1.3 стр/с | 49.7 КБ/с
04:50:11 Итог: {'done': 664, 'notfound': 8, 'queued': 9130, 'redirect': 13}. Причина остановки: достигнут лимит времени сеанса
