04:29:31 azbyka-reserv 0.2.0: данные в /tmp/azr-final2
04:29:32 стартовые адреса: 65 (новых 64)
04:29:32 правила вариантов изменились — дополняем очередь для уже известных адресов…
04:29:32 добавлено вариантов: 0
04:29:47 готово 20 | в очереди 5672 | ошибок 0 | нужен вход 0 | за сеанс 70.1 МБ | 1.3 стр/с | 4.7 МБ/с
04:30:02 готово 44 | в очереди 5663 | ошибок 0 | нужен вход 0 | за сеанс 82.5 МБ | 1.6 стр/с | 846.0 КБ/с
04:30:17 готово 65 | в очереди 5644 | ошибок 0 | нужен вход 0 | за сеанс 83.5 МБ | 1.4 стр/с | 67.0 КБ/с
04:30:32 готово 84 | в очереди 5626 | ошибок 0 | нужен вход 0 | за сеанс 84.1 МБ | 1.3 стр/с | 39.4 КБ/с
04:30:47 готово 105 | в очереди 5636 | ошибок 0 | нужен вход 0 | за сеанс 84.3 МБ | 1.4 стр/с | 19.8 КБ/с
04:31:02 готово 126 | в очереди 5616 | ошибок 0 | нужен вход 0 | за сеанс 84.4 МБ | 1.4 стр/с | 7.0 КБ/с
04:31:17 готово 146 | в очереди 6250 | ошибок 0 | нужен вход 0 | за сеанс 86.1 МБ | 1.3 стр/с | 110.2 КБ/с
04:31:32 готово 165 | в очереди 10675 | ошибок 0 | нужен вход 0 | за сеанс 105.7 МБ | 1.3 стр/с | 1.3 МБ/с
04:31:48 готово 188 | в очереди 35760 | ошибок 0 | нужен вход 0 | за сеанс 121.0 МБ | 1.5 стр/с | 1000.3 КБ/с
04:32:03 готово 206 | в очереди 61921 | ошибок 0 | нужен вход 0 | за сеанс 130.2 МБ | 1.2 стр/с | 620.7 КБ/с
04:32:18 готово 228 | в очереди 68362 | ошибок 0 | нужен вход 0 | за сеанс 148.9 МБ | 1.5 стр/с | 1.2 МБ/с
04:32:33 готово 249 | в очереди 71418 | ошибок 0 | нужен вход 0 | за сеанс 166.7 МБ | 1.4 стр/с | 1.2 МБ/с
04:32:48 готово 270 | в очереди 71472 (отложено 1) | ошибок 0 | нужен вход 0 | за сеанс 201.2 МБ | 1.4 стр/с | 2.3 МБ/с
04:33:03 готово 293 | в очереди 71449 (отложено 1) | ошибок 0 | нужен вход 0 | за сеанс 217.4 МБ | 1.5 стр/с | 1.1 МБ/с
04:33:18 готово 311 | в очереди 71432 (отложено 1) | ошибок 0 | нужен вход 0 | за сеанс 229.3 МБ | 1.2 стр/с | 813.0 КБ/с
04:33:33 готово 333 | в очереди 71411 (отложено 1) | ошибок 0 | нужен вход 0 | за сеанс 244.0 МБ | 1.5 стр/с | 1002.3 КБ/с
04:33:48 готово 354 | в очереди 71401 (отложено 1) | ошибок 0 | нужен вход 0 | за сеанс 257.7 МБ | 1.4 стр/с | 928.6 КБ/с
04:34:03 готово 373 | в очереди 71393 (отложено 1) | ошибок 0 | нужен вход 0 | за сеанс 276.7 МБ | 1.3 стр/с | 1.3 МБ/с
04:34:18 готово 393 | в очереди 71373 (отложено 1) | ошибок 0 | нужен вход 0 | за сеанс 290.4 МБ | 1.3 стр/с | 932.0 КБ/с
04:34:33 готово 416 | в очереди 71354 (отложено 1) | ошибок 0 | нужен вход 0 | за сеанс 303.2 МБ | 1.5 стр/с | 876.4 КБ/с
04:34:48 готово 433 | в очереди 72642 (отложено 1) | ошибок 0 | нужен вход 0 | за сеанс 316.8 МБ | 1.1 стр/с | 926.3 КБ/с
04:35:03 готово 454 | в очереди 72628 (отложено 1) | ошибок 0 | нужен вход 0 | за сеанс 328.2 МБ | 1.4 стр/с | 779.5 КБ/с
04:35:18 готово 477 | в очереди 72613 (отложено 1) | ошибок 0 | нужен вход 0 | за сеанс 341.2 МБ | 1.5 стр/с | 885.4 КБ/с
04:35:33 готово 497 | в очереди 72602 (отложено 1) | ошибок 0 | нужен вход 0 | за сеанс 358.5 МБ | 1.3 стр/с | 1.1 МБ/с
04:35:48 готово 520 | в очереди 72591 (отложено 1) | ошибок 0 | нужен вход 0 | за сеанс 370.5 МБ | 1.5 стр/с | 816.6 КБ/с
04:36:03 готово 541 | в очереди 72580 (отложено 1) | ошибок 0 | нужен вход 0 | за сеанс 387.6 МБ | 1.4 стр/с | 1.1 МБ/с
04:36:18 готово 562 | в очереди 72577 (отложено 1) | ошибок 0 | нужен вход 0 | за сеанс 401.3 МБ | 1.4 стр/с | 939.3 КБ/с
04:36:33 готово 582 | в очереди 72574 (отложено 1) | ошибок 0 | нужен вход 0 | за сеанс 410.8 МБ | 1.3 стр/с | 645.1 КБ/с
04:36:48 готово 604 | в очереди 72570 (отложено 1) | ошибок 0 | нужен вход 0 | за сеанс 429.6 МБ | 1.5 стр/с | 1.3 МБ/с
04:37:03 готово 626 | в очереди 72566 (отложено 1) | ошибок 0 | нужен вход 0 | за сеанс 440.2 МБ | 1.5 стр/с | 720.3 КБ/с
04:37:18 готово 647 | в очереди 72562 (отложено 1) | ошибок 0 | нужен вход 0 | за сеанс 455.5 МБ | 1.4 стр/с | 1.0 МБ/с
04:37:33 готово 669 | в очереди 72557 (отложено 1) | ошибок 0 | нужен вход 0 | за сеанс 470.7 МБ | 1.5 стр/с | 1.0 МБ/с
04:37:48 готово 689 | в очереди 72619 (отложено 1) | ошибок 0 | нужен вход 0 | за сеанс 480.5 МБ | 1.3 стр/с | 674.3 КБ/с
04:38:03 готово 709 | в очереди 72689 (отложено 1) | ошибок 0 | нужен вход 0 | за сеанс 484.1 МБ | 1.3 стр/с | 243.9 КБ/с
04:38:18 готово 732 | в очереди 72764 (отложено 1) | ошибок 0 | нужен вход 0 | за сеанс 496.2 МБ | 1.5 стр/с | 826.1 КБ/с
04:38:33 готово 755 | в очереди 72843 (отложено 1) | ошибок 0 | нужен вход 0 | за сеанс 510.8 МБ | 1.5 стр/с | 992.2 КБ/с
04:38:48 готово 775 | в очереди 72914 (отложено 1) | ошибок 0 | нужен вход 0 | за сеанс 520.6 МБ | 1.3 стр/с | 667.0 КБ/с
04:39:03 готово 795 | в очереди 72973 (отложено 1) | ошибок 0 | нужен вход 0 | за сеанс 535.1 МБ | 1.3 стр/с | 992.3 КБ/с
04:39:18 готово 817 | в очереди 73055 (отложено 1) | ошибок 0 | нужен вход 0 | за сеанс 546.1 МБ | 1.5 стр/с | 744.2 КБ/с
04:39:33 готово 839 | в очереди 73097 (отложено 1) | ошибок 0 | нужен вход 0 | за сеанс 562.8 МБ | 1.5 стр/с | 1.1 МБ/с
04:39:48 готово 862 | в очереди 73153 (отложено 1) | ошибок 0 | нужен вход 0 | за сеанс 580.4 МБ | 1.5 стр/с | 1.2 МБ/с
04:40:03 готово 882 | в очереди 73236 (отложено 1) | ошибок 0 | нужен вход 0 | за сеанс 591.0 МБ | 1.3 стр/с | 720.8 КБ/с
04:40:19 готово 902 | в очереди 73303 (отложено 1) | ошибок 0 | нужен вход 0 | за сеанс 604.1 МБ | 1.3 стр/с | 893.0 КБ/с
04:40:34 готово 924 | в очереди 73330 (отложено 1) | ошибок 0 | нужен вход 0 | за сеанс 621.2 МБ | 1.5 стр/с | 1.1 МБ/с
04:40:49 готово 944 | в очереди 73415 (отложено 1) | ошибок 0 | нужен вход 0 | за сеанс 631.8 МБ | 1.3 стр/с | 726.9 КБ/с
04:41:04 готово 966 | в очереди 73459 (отложено 1) | ошибок 0 | нужен вход 0 | за сеанс 644.7 МБ | 1.5 стр/с | 878.2 КБ/с
04:41:19 готово 987 | в очереди 73518 (отложено 1) | ошибок 0 | нужен вход 0 | за сеанс 657.2 МБ | 1.4 стр/с | 854.4 КБ/с
04:41:34 готово 1009 | в очереди 73568 (отложено 1) | ошибок 0 | нужен вход 0 | за сеанс 679.5 МБ | 1.5 стр/с | 1.5 МБ/с
04:41:34 Итог: {'done': 1009, 'notfound': 7, 'queued': 73573, 'redirect': 3}. Причина остановки: достигнут лимит времени сеанса
