2026-10-05 04:01:32 INFO azbyka-reserv 0.2.0: данные в /tmp/azr-final
2026-10-05 04:01:43 INFO стартовые адреса: 90589 (новых 81215)
2026-10-05 04:01:43 INFO правила вариантов изменились — дополняем очередь для уже известных адресов…
2026-10-05 04:01:43 INFO добавлено вариантов: 0
2026-10-05 04:01:58 INFO готово 22 | в очереди 81282 | ошибок 0 | нужен вход 0 | за сеанс 17.0 КБ | 1.4 стр/с | 1.1 КБ/с
2026-10-05 04:02:13 INFO готово 43 | в очереди 81506 | ошибок 0 | нужен вход 0 | за сеанс 53.0 КБ | 1.4 стр/с | 2.4 КБ/с
2026-10-05 04:02:28 INFO готово 65 | в очереди 90930 | ошибок 0 | нужен вход 0 | за сеанс 1.2 МБ | 1.5 стр/с | 79.0 КБ/с
2026-10-05 04:02:43 INFO готово 86 | в очереди 97876 | ошибок 0 | нужен вход 0 | за сеанс 2.1 МБ | 1.4 стр/с | 62.9 КБ/с
2026-10-05 04:02:58 INFO готово 107 | в очереди 110974 | ошибок 0 | нужен вход 0 | за сеанс 3.9 МБ | 1.4 стр/с | 122.5 КБ/с
2026-10-05 04:03:13 INFO готово 127 | в очереди 117327 | ошибок 0 | нужен вход 0 | за сеанс 5.9 МБ | 1.3 стр/с | 136.2 КБ/с
2026-10-05 04:03:35 INFO готово 145 | в очереди 133265 | ошибок 0 | нужен вход 0 | за сеанс 7.7 МБ | 1.2 стр/с | 121.4 КБ/с
2026-10-05 04:03:51 INFO готово 172 | в очереди 163814 | ошибок 0 | нужен вход 0 | за сеанс 15.3 МБ | 1.1 стр/с | 345.2 КБ/с
2026-10-05 04:04:06 INFO готово 192 | в очереди 169037 | ошибок 0 | нужен вход 0 | за сеанс 36.8 МБ | 1.4 стр/с | 1.4 МБ/с
2026-10-05 04:04:21 INFO готово 214 | в очереди 183322 | ошибок 0 | нужен вход 0 | за сеанс 38.8 МБ | 1.5 стр/с | 135.5 КБ/с
2026-10-05 04:04:36 INFO готово 236 | в очереди 187644 | ошибок 0 | нужен вход 0 | за сеанс 39.4 МБ | 1.5 стр/с | 43.3 КБ/с
2026-10-05 04:04:51 INFO готово 257 | в очереди 191823 | ошибок 0 | нужен вход 0 | за сеанс 40.1 МБ | 1.4 стр/с | 41.2 КБ/с
2026-10-05 04:05:06 INFO готово 279 | в очереди 196194 | ошибок 0 | нужен вход 0 | за сеанс 40.7 МБ | 1.5 стр/с | 43.0 КБ/с
2026-10-05 04:05:21 INFO готово 300 | в очереди 200117 | ошибок 0 | нужен вход 0 | за сеанс 41.3 МБ | 1.4 стр/с | 40.3 КБ/с
2026-10-05 04:05:36 INFO готово 320 | в очереди 203950 | ошибок 0 | нужен вход 0 | за сеанс 41.8 МБ | 1.3 стр/с | 38.4 КБ/с
2026-10-05 04:05:51 INFO готово 342 | в очереди 208074 | ошибок 0 | нужен вход 0 | за сеанс 42.4 МБ | 1.5 стр/с | 41.1 КБ/с
2026-10-05 04:06:06 INFO готово 363 | в очереди 212593 (отложено 1) | ошибок 0 | нужен вход 0 | за сеанс 43.1 МБ | 1.4 стр/с | 43.4 КБ/с
2026-10-05 04:06:21 INFO готово 383 | в очереди 215296 (отложено 1) | ошибок 0 | нужен вход 0 | за сеанс 43.4 МБ | 1.3 стр/с | 24.6 КБ/с
2026-10-05 04:06:36 INFO готово 393 | в очереди 225132 (отложено 3) | ошибок 0 | нужен вход 0 | за сеанс 52.1 МБ | 0.7 стр/с | 591.3 КБ/с
2026-10-05 04:06:52 INFO готово 397 | в очереди 229521 (отложено 4) | ошибок 0 | нужен вход 0 | за сеанс 52.5 МБ | 0.3 стр/с | 21.8 КБ/с
2026-10-05 04:07:07 INFO готово 402 | в очереди 244389 (отложено 4) | ошибок 0 | нужен вход 0 | за сеанс 90.6 МБ | 0.3 стр/с | 2.5 МБ/с
2026-10-05 04:07:23 INFO готово 415 | в очереди 338209 (отложено 4) | ошибок 0 | нужен вход 0 | за сеанс 139.1 МБ | 0.8 стр/с | 3.1 МБ/с
2026-10-05 04:07:38 INFO готово 437 | в очереди 338187 (отложено 4) | ошибок 0 | нужен вход 0 | за сеанс 143.9 МБ | 1.4 стр/с | 304.8 КБ/с
2026-10-05 04:07:53 INFO готово 459 | в очереди 338165 (отложено 4) | ошибок 0 | нужен вход 0 | за сеанс 150.9 МБ | 1.5 стр/с | 477.2 КБ/с
2026-10-05 04:08:08 INFO готово 477 | в очереди 338147 (отложено 4) | ошибок 0 | нужен вход 0 | за сеанс 152.6 МБ | 1.2 стр/с | 114.3 КБ/с
2026-10-05 04:08:23 INFO готово 498 | в очереди 338126 (отложено 4) | ошибок 0 | нужен вход 0 | за сеанс 162.8 МБ | 1.4 стр/с | 691.2 КБ/с
2026-10-05 04:08:38 INFO готово 521 | в очереди 338103 (отложено 4) | ошибок 0 | нужен вход 0 | за сеанс 175.9 МБ | 1.5 стр/с | 891.0 КБ/с
2026-10-05 04:08:53 INFO готово 543 | в очереди 338081 (отложено 4) | ошибок 0 | нужен вход 0 | за сеанс 179.7 МБ | 1.5 стр/с | 257.5 КБ/с
2026-10-05 04:09:08 INFO готово 564 | в очереди 338060 (отложено 4) | ошибок 0 | нужен вход 0 | за сеанс 182.8 МБ | 1.4 стр/с | 211.0 КБ/с
2026-10-05 04:09:24 INFO готово 585 | в очереди 338039 (отложено 4) | ошибок 0 | нужен вход 0 | за сеанс 186.9 МБ | 1.4 стр/с | 278.5 КБ/с
2026-10-05 04:09:39 INFO готово 608 | в очереди 338016 (отложено 4) | ошибок 0 | нужен вход 0 | за сеанс 189.5 МБ | 1.5 стр/с | 179.0 КБ/с
2026-10-05 04:09:54 INFO готово 629 | в очереди 337995 (отложено 3) | ошибок 0 | нужен вход 0 | за сеанс 192.7 МБ | 1.4 стр/с | 217.4 КБ/с
2026-10-05 04:10:09 INFO готово 646 | в очереди 337978 (отложено 4) | ошибок 0 | нужен вход 0 | за сеанс 194.8 МБ | 1.1 стр/с | 139.9 КБ/с
2026-10-05 04:10:24 INFO готово 667 | в очереди 337957 (отложено 4) | ошибок 0 | нужен вход 0 | за сеанс 202.6 МБ | 1.4 стр/с | 533.0 КБ/с
2026-10-05 04:10:39 INFO готово 689 | в очереди 337935 (отложено 4) | ошибок 0 | нужен вход 0 | за сеанс 210.3 МБ | 1.5 стр/с | 518.9 КБ/с
2026-10-05 04:10:54 INFO готово 711 | в очереди 337913 (отложено 4) | ошибок 0 | нужен вход 0 | за сеанс 215.6 МБ | 1.5 стр/с | 358.0 КБ/с
2026-10-05 04:11:09 INFO готово 732 | в очереди 337892 (отложено 4) | ошибок 0 | нужен вход 0 | за сеанс 220.9 МБ | 1.4 стр/с | 365.1 КБ/с
2026-10-05 04:11:24 INFO готово 754 | в очереди 337870 (отложено 4) | ошибок 0 | нужен вход 0 | за сеанс 228.1 МБ | 1.5 стр/с | 485.0 КБ/с
2026-10-05 04:11:39 INFO готово 775 | в очереди 337849 (отложено 4) | ошибок 0 | нужен вход 0 | за сеанс 234.1 МБ | 1.4 стр/с | 412.2 КБ/с
2026-10-05 04:11:54 INFO готово 797 | в очереди 337827 (отложено 4) | ошибок 0 | нужен вход 0 | за сеанс 239.6 МБ | 1.5 стр/с | 367.6 КБ/с
2026-10-05 04:12:10 INFO готово 818 | в очереди 337806 (отложено 4) | ошибок 0 | нужен вход 0 | за сеанс 248.1 МБ | 1.4 стр/с | 580.6 КБ/с
2026-10-05 04:12:25 INFO готово 840 | в очереди 337784 (отложено 4) | ошибок 0 | нужен вход 0 | за сеанс 258.1 МБ | 1.5 стр/с | 677.0 КБ/с
2026-10-05 04:12:40 INFO готово 862 | в очереди 337762 (отложено 4) | ошибок 0 | нужен вход 0 | за сеанс 263.1 МБ | 1.5 стр/с | 337.9 КБ/с
2026-10-05 04:12:55 INFO готово 883 | в очереди 337741 (отложено 4) | ошибок 0 | нужен вход 0 | за сеанс 271.0 МБ | 1.4 стр/с | 535.2 КБ/с
2026-10-05 04:13:10 INFO готово 905 | в очереди 337719 (отложено 4) | ошибок 0 | нужен вход 0 | за сеанс 278.4 МБ | 1.5 стр/с | 506.9 КБ/с
2026-10-05 04:13:25 INFO готово 926 | в очереди 337698 (отложено 4) | ошибок 0 | нужен вход 0 | за сеанс 283.9 МБ | 1.4 стр/с | 369.4 КБ/с
2026-10-05 04:13:40 INFO готово 947 | в очереди 337677 (отложено 4) | ошибок 0 | нужен вход 0 | за сеанс 296.5 МБ | 1.4 стр/с | 858.7 КБ/с
2026-10-05 04:13:55 INFO готово 969 | в очереди 337655 (отложено 4) | ошибок 0 | нужен вход 0 | за сеанс 311.1 МБ | 1.5 стр/с | 991.6 КБ/с
2026-10-05 04:14:10 INFO готово 988 | в очереди 337636 (отложено 3) | ошибок 0 | нужен вход 0 | за сеанс 319.2 МБ | 1.3 стр/с | 548.0 КБ/с
2026-10-05 04:14:25 INFO готово 1008 | в очереди 337616 (отложено 4) | ошибок 0 | нужен вход 0 | за сеанс 331.2 МБ | 1.3 стр/с | 815.0 КБ/с
2026-10-05 04:14:40 INFO готово 1027 | в очереди 337597 (отложено 4) | ошибок 0 | нужен вход 0 | за сеанс 336.7 МБ | 1.3 стр/с | 378.1 КБ/с
2026-10-05 04:14:55 INFO готово 1048 | в очереди 337576 (отложено 4) | ошибок 0 | нужен вход 0 | за сеанс 344.9 МБ | 1.4 стр/с | 551.5 КБ/с
2026-10-05 04:15:10 INFO готово 1070 | в очереди 337554 (отложено 4) | ошибок 0 | нужен вход 0 | за сеанс 365.1 МБ | 1.5 стр/с | 1.3 МБ/с
2026-10-05 04:15:26 INFO готово 1092 | в очереди 337532 (отложено 4) | ошибок 0 | нужен вход 0 | за сеанс 373.6 МБ | 1.5 стр/с | 576.9 КБ/с
2026-10-05 04:15:41 INFO готово 1113 | в очереди 337511 (отложено 4) | ошибок 0 | нужен вход 0 | за сеанс 381.8 МБ | 1.4 стр/с | 561.1 КБ/с
2026-10-05 04:15:56 INFO готово 1135 | в очереди 337489 (отложено 4) | ошибок 0 | нужен вход 0 | за сеанс 393.2 МБ | 1.5 стр/с | 775.1 КБ/с
2026-10-05 04:16:11 INFO готово 1157 | в очереди 337467 (отложено 4) | ошибок 0 | нужен вход 0 | за сеанс 404.8 МБ | 1.5 стр/с | 785.8 КБ/с
2026-10-05 04:16:26 INFO готово 1178 | в очереди 337446 (отложено 4) | ошибок 0 | нужен вход 0 | за сеанс 420.9 МБ | 1.4 стр/с | 1.1 МБ/с
2026-10-05 04:16:41 INFO готово 1199 | в очереди 337425 (отложено 4) | ошибок 0 | нужен вход 0 | за сеанс 431.0 МБ | 1.4 стр/с | 689.7 КБ/с
2026-10-05 04:16:56 INFO готово 1221 | в очереди 337403 (отложено 4) | ошибок 0 | нужен вход 0 | за сеанс 446.3 МБ | 1.5 стр/с | 1.0 МБ/с
2026-10-05 04:17:11 INFO готово 1243 | в очереди 337381 (отложено 4) | ошибок 0 | нужен вход 0 | за сеанс 450.6 МБ | 1.5 стр/с | 291.3 КБ/с
2026-10-05 04:17:26 INFO готово 1265 | в очереди 337359 (отложено 4) | ошибок 0 | нужен вход 0 | за сеанс 461.1 МБ | 1.5 стр/с | 715.2 КБ/с
2026-10-05 04:17:41 INFO готово 1286 | в очереди 337338 (отложено 4) | ошибок 0 | нужен вход 0 | за сеанс 465.9 МБ | 1.4 стр/с | 323.2 КБ/с
2026-10-05 04:17:56 INFO готово 1307 | в очереди 337317 (отложено 4) | ошибок 0 | нужен вход 0 | за сеанс 483.6 МБ | 1.4 стр/с | 1.2 МБ/с
2026-10-05 04:18:11 INFO готово 1329 | в очереди 337295 (отложено 4) | ошибок 0 | нужен вход 0 | за сеанс 499.2 МБ | 1.5 стр/с | 1.0 МБ/с
2026-10-05 04:18:27 INFO готово 1351 | в очереди 337273 (отложено 4) | ошибок 0 | нужен вход 0 | за сеанс 509.4 МБ | 1.5 стр/с | 695.9 КБ/с
2026-10-05 04:18:42 INFO готово 1372 | в очереди 337252 (отложено 4) | ошибок 0 | нужен вход 0 | за сеанс 520.8 МБ | 1.4 стр/с | 771.8 КБ/с
2026-10-05 04:18:57 INFO готово 1393 | в очереди 337231 (отложено 4) | ошибок 0 | нужен вход 0 | за сеанс 534.9 МБ | 1.4 стр/с | 959.1 КБ/с
2026-10-05 04:19:12 INFO готово 1415 | в очереди 337209 (отложено 4) | ошибок 0 | нужен вход 0 | за сеанс 546.1 МБ | 1.5 стр/с | 758.0 КБ/с
2026-10-05 04:19:27 INFO готово 1437 | в очереди 337187 (отложено 4) | ошибок 0 | нужен вход 0 | за сеанс 553.2 МБ | 1.5 стр/с | 484.2 КБ/с
2026-10-05 04:19:42 INFO готово 1458 | в очереди 337166 (отложено 4) | ошибок 0 | нужен вход 0 | за сеанс 561.0 МБ | 1.4 стр/с | 532.2 КБ/с
2026-10-05 04:19:57 INFO готово 1480 | в очереди 337144 (отложено 4) | ошибок 0 | нужен вход 0 | за сеанс 575.6 МБ | 1.5 стр/с | 986.9 КБ/с
2026-10-05 04:20:12 INFO готово 1501 | в очереди 337123 (отложено 4) | ошибок 0 | нужен вход 0 | за сеанс 582.3 МБ | 1.4 стр/с | 459.2 КБ/с
2026-10-05 04:20:27 INFO готово 1523 | в очереди 337101 (отложено 4) | ошибок 0 | нужен вход 0 | за сеанс 588.0 МБ | 1.5 стр/с | 381.4 КБ/с
2026-10-05 04:20:42 INFO готово 1545 | в очереди 337079 (отложено 4) | ошибок 0 | нужен вход 0 | за сеанс 599.4 МБ | 1.5 стр/с | 775.8 КБ/с
2026-10-05 04:20:57 INFO готово 1566 | в очереди 337058 (отложено 4) | ошибок 0 | нужен вход 0 | за сеанс 611.5 МБ | 1.4 стр/с | 824.4 КБ/с
2026-10-05 04:21:12 INFO готово 1588 | в очереди 337036 (отложено 4) | ошибок 0 | нужен вход 0 | за сеанс 632.4 МБ | 1.5 стр/с | 1.4 МБ/с
2026-10-05 04:21:27 INFO готово 1609 | в очереди 337015 (отложено 4) | ошибок 0 | нужен вход 0 | за сеанс 641.6 МБ | 1.4 стр/с | 621.9 КБ/с
2026-10-05 04:21:43 INFO готово 1630 | в очереди 336994 (отложено 4) | ошибок 0 | нужен вход 0 | за сеанс 651.8 МБ | 1.4 стр/с | 692.5 КБ/с
2026-10-05 04:21:58 INFO готово 1652 | в очереди 336972 (отложено 4) | ошибок 0 | нужен вход 0 | за сеанс 660.4 МБ | 1.5 стр/с | 587.7 КБ/с
2026-10-05 04:22:12 INFO ошибка (сдались): https://azbyka.ru/kliros/post-sitemap1.xml — HTTP 500
2026-10-05 04:22:13 INFO готово 1672 | в очереди 336967 (отложено 1) | ошибок 1 | нужен вход 0 | за сеанс 665.3 МБ | 1.3 стр/с | 332.5 КБ/с
2026-10-05 04:22:28 INFO готово 1694 | в очереди 337176 | ошибок 1 | нужен вход 0 | за сеанс 669.4 МБ | 1.5 стр/с | 273.5 КБ/с
2026-10-05 04:22:43 INFO готово 1715 | в очереди 337155 | ошибок 1 | нужен вход 0 | за сеанс 673.0 МБ | 1.4 стр/с | 245.8 КБ/с
2026-10-05 04:22:58 INFO готово 1737 | в очереди 337133 | ошибок 1 | нужен вход 0 | за сеанс 682.5 МБ | 1.5 стр/с | 644.7 КБ/с
2026-10-05 04:23:13 INFO готово 1759 | в очереди 337111 | ошибок 1 | нужен вход 0 | за сеанс 696.4 МБ | 1.5 стр/с | 948.1 КБ/с
2026-10-05 04:23:28 INFO готово 1780 | в очереди 337090 | ошибок 1 | нужен вход 0 | за сеанс 703.6 МБ | 1.4 стр/с | 488.8 КБ/с
2026-10-05 04:23:43 INFO готово 1802 | в очереди 337068 | ошибок 1 | нужен вход 0 | за сеанс 716.8 МБ | 1.5 стр/с | 895.5 КБ/с
2026-10-05 04:23:58 INFO готово 1823 | в очереди 337047 | ошибок 1 | нужен вход 0 | за сеанс 728.0 МБ | 1.4 стр/с | 763.3 КБ/с
2026-10-05 04:24:13 INFO готово 1845 | в очереди 337025 | ошибок 1 | нужен вход 0 | за сеанс 741.0 МБ | 1.5 стр/с | 881.7 КБ/с
2026-10-05 04:24:28 INFO готово 1866 | в очереди 337004 | ошибок 1 | нужен вход 0 | за сеанс 750.7 МБ | 1.4 стр/с | 659.8 КБ/с
2026-10-05 04:24:44 INFO готово 1887 | в очереди 336983 | ошибок 1 | нужен вход 0 | за сеанс 757.6 МБ | 1.4 стр/с | 468.1 КБ/с
2026-10-05 04:24:59 INFO готово 1909 | в очереди 336961 | ошибок 1 | нужен вход 0 | за сеанс 771.0 МБ | 1.5 стр/с | 910.7 КБ/с
2026-10-05 04:25:14 INFO готово 1931 | в очереди 336939 | ошибок 1 | нужен вход 0 | за сеанс 775.1 МБ | 1.5 стр/с | 277.7 КБ/с
2026-10-05 04:25:29 INFO готово 1953 | в очереди 336932 | ошибок 1 | нужен вход 0 | за сеанс 775.4 МБ | 1.5 стр/с | 17.0 КБ/с
2026-10-05 04:25:44 INFO готово 1974 | в очереди 336913 | ошибок 1 | нужен вход 0 | за сеанс 775.8 МБ | 1.4 стр/с | 31.5 КБ/с
2026-10-05 04:25:59 INFO готово 1996 | в очереди 336913 | ошибок 1 | нужен вход 0 | за сеанс 776.0 МБ | 1.5 стр/с | 10.4 КБ/с
2026-10-05 04:26:14 INFO готово 2017 | в очереди 336916 | ошибок 1 | нужен вход 0 | за сеанс 776.2 МБ | 1.4 стр/с | 14.3 КБ/с
2026-10-05 04:26:29 INFO готово 2039 | в очереди 336904 | ошибок 1 | нужен вход 0 | за сеанс 776.4 МБ | 1.5 стр/с | 12.3 КБ/с
2026-10-05 04:26:44 INFO готово 2059 | в очереди 336911 | ошибок 1 | нужен вход 0 | за сеанс 776.6 МБ | 1.3 стр/с | 17.1 КБ/с
2026-10-05 04:26:44 INFO Итог: {'done': 2060, 'error': 1, 'notfound': 1, 'queued': 336915}. Причина остановки: достигнут лимит времени сеанса
